============================= test session starts =============================
platform win32 -- Python 3.13.5, pytest-8.4.2, pluggy-1.6.0 -- C:\Python313\python.exe
cachedir: .pytest_cache
rootdir: C:\Users\Mitsos_PC\Desktop\The One Folder\Programming\Projects\black_glove
configfile: pyproject.toml
plugins: anyio-4.9.0, cov-7.0.0
collecting ... collected 7 items

tests/test_sqli_scanner_adapter.py::TestSQLiScannerAdapter::test_validate_params_success PASSED [ 14%]
tests/test_sqli_scanner_adapter.py::TestSQLiScannerAdapter::test_validate_params_missing_target PASSED [ 28%]
tests/test_sqli_scanner_adapter.py::TestSQLiScannerAdapter::test_validate_params_invalid_url PASSED [ 42%]
tests/test_sqli_scanner_adapter.py::TestSQLiScannerAdapter::test_error_based_detection FAILED [ 57%]
tests/test_sqli_scanner_adapter.py::TestSQLiScannerAdapter::test_boolean_blind_detection PASSED [ 71%]
tests/test_sqli_scanner_adapter.py::TestSQLiScannerAdapter::test_time_blind_detection FAILED [ 85%]
python : C:\Users\Mitsos_PC\AppData\Roaming\Python\Python313\site-packages\coverage\inorout.py:521: CoverageWarning: Module agent 
was never imported. (module-not-imported); see https://coverage.readthedocs.io/en/7.11.0/messages.html#warning-module-not-imported
At line:1 char:1
+ python -m pytest tests/test_sqli_scanner_adapter.py -v > test_output. ...
+ ~~~~~~~~~~~~~~~~~~~~~~~~~~~~~~~~~~~~~~~~~~~~~~~~~~~~~~~~~~~~~~~~~~~~~
    + CategoryInfo          : NotSpecified: (C:\Users\Mitsos...le-not-imported:String) [], RemoteException
    + FullyQualifiedErrorId : NativeCommandError
 
  self.warn(f"Module {pkg} was never imported.", slug="module-not-imported")
C:\Users\Mitsos_PC\AppData\Roaming\Python\Python313\site-packages\coverage\control.py:946: CoverageWarning: No data was collected. 
(no-data-collected); see https://coverage.readthedocs.io/en/7.11.0/messages.html#warning-no-data-collected
  self._warn("No data was collected.", slug="no-data-collected")
C:\Users\Mitsos_PC\AppData\Roaming\Python\Python313\site-packages\pytest_cov\plugin.py:363: CovReportWarning: Failed to generate 
report: No data to report.

  warnings.warn(CovReportWarning(message), stacklevel=1)
tests/test_sqli_scanner_adapter.py::TestSQLiScannerAdapter::test_no_vulnerabilities FAILED [100%]
WARNING: Failed to generate report: No data to report.



================================== FAILURES ===================================
______________ TestSQLiScannerAdapter.test_error_based_detection ______________

self = <test_sqli_scanner_adapter.TestSQLiScannerAdapter object at 0x000001B7D35E8D60>
mock_request = <MagicMock name='request' id='1889036766912'>
adapter = <src.adapters.sqli_scanner.SQLiScannerAdapter object at 0x000001B7D35E9350>

    @patch("src.adapters.sqli_scanner.requests.request")
    def test_error_based_detection(self, mock_request, adapter):
        # 1. Baseline response
        baseline = MagicMock()
        baseline.text = "Normal content"
        baseline.content = b"Normal content"
    
        # 2. Injection response with SQL error
        error_resp = MagicMock()
        error_resp.text = "You have an error in your SQL syntax; check the manual that corresponds to your MySQL server version"
        error_resp.content = b"Error..."
    
        mock_request.side_effect = [baseline, error_resp]
    
        result = adapter.execute({
            "target_url": "http://example.com/page.php?id=1",
            "techniques": ["error"]
        })
    
>       assert result.status == "SUCCESS"
E       assert <AdapterResultStatus.SUCCESS: 'success'> == 'SUCCESS'
E        +  where <AdapterResultStatus.SUCCESS: 'success'> = AdapterResult(status=<AdapterResultStatus.SUCCESS: 'success'>, data={'target_url': 'http://example.com/page.php?id=1', 'vulnerabilities': [{'type': 'error_based', 'parameter': 'id', 'payload': "'", 'database': 'MySQL', 'evidence': 'Found error pattern: SQL syntax.*?MySQL'}], 'scanned_params': ['id']}, metadata={}, error_message=None, execution_time=0.0010852813720703125, evidence_path=None).status

tests\test_sqli_scanner_adapter.py:41: AssertionError
______________ TestSQLiScannerAdapter.test_time_blind_detection _______________

self = <test_sqli_scanner_adapter.TestSQLiScannerAdapter object at 0x000001B7D3566580>
mock_time = <MagicMock name='time' id='1889036774976'>
mock_request = <MagicMock name='request' id='1889036775312'>
adapter = <src.adapters.sqli_scanner.SQLiScannerAdapter object at 0x000001B7D358BE30>

    @patch("src.adapters.sqli_scanner.requests.request")
    @patch("src.adapters.sqli_scanner.time.time")
    def test_time_blind_detection(self, mock_time, mock_request, adapter):
        # Manipulate time to simulate sleep
        # Call 1: Baseline (start, end)
        # Call 2: Injection (start, end)
    
        mock_time.side_effect = [
            100.0, 100.1, # Baseline (0.1s)
            100.0, 106.0  # Injection (6.0s > 5s threshold)
        ]
    
        baseline = MagicMock()
        baseline.content = b"Normal"
    
        sleep_resp = MagicMock()
        sleep_resp.content = b"Normal"
    
        mock_request.side_effect = [baseline, sleep_resp]
    
        result = adapter.execute({
            "target_url": "http://example.com/page.php?id=1",
            "techniques": ["time"]
        })
    
>       assert len(result.data["vulnerabilities"]) == 1
E       assert 0 == 1
E        +  where 0 = len([])

tests\test_sqli_scanner_adapter.py:100: AssertionError
_______________ TestSQLiScannerAdapter.test_no_vulnerabilities ________________

self = <test_sqli_scanner_adapter.TestSQLiScannerAdapter object at 0x000001B7D35667A0>
mock_request = <MagicMock name='request' id='1889036773632'>
adapter = <src.adapters.sqli_scanner.SQLiScannerAdapter object at 0x000001B7D3567570>

    @patch("src.adapters.sqli_scanner.requests.request")
    def test_no_vulnerabilities(self, mock_request, adapter):
        baseline = MagicMock()
        baseline.text = "Safe"
        baseline.content = b"Safe"
    
        # All subsequent requests return safe content
        mock_request.return_value = baseline
    
        result = adapter.execute({
            "target_url": "http://example.com/page.php?id=1",
            "techniques": ["error", "boolean"]
        })
    
>       assert result.status == "SUCCESS"
E       AssertionError: assert <AdapterResultStatus.SUCCESS: 'success'> == 'SUCCESS'
E        +  where <AdapterResultStatus.SUCCESS: 'success'> = AdapterResult(status=<AdapterResultStatus.SUCCESS: 'success'>, data={'target_url': 'http://example.com/page.php?id=1', 'vulnerabilities': [], 'scanned_params': ['id']}, metadata={}, error_message=None, execution_time=0.004068851470947266, evidence_path=None).status

tests\test_sqli_scanner_adapter.py:119: AssertionError
=============================== tests coverage ================================
_______________ coverage: platform win32, python 3.13.5-final-0 _______________

=========================== short test summary info ===========================
FAILED tests/test_sqli_scanner_adapter.py::TestSQLiScannerAdapter::test_error_based_detection - assert <AdapterResultStatus.SUCCESS: 'success'> == 'SUCCESS'
 +  where <AdapterResultStatus.SUCCESS: 'success'> = AdapterResult(status=<AdapterResultStatus.SUCCESS: 'success'>, data={'target_url': 'http://example.com/page.php?id=1', 'vulnerabilities': [{'type': 'error_based', 'parameter': 'id', 'payload': "'", 'database': 'MySQL', 'evidence': 'Found error pattern: SQL syntax.*?MySQL'}], 'scanned_params': ['id']}, metadata={}, error_message=None, execution_time=0.0010852813720703125, evidence_path=None).status
FAILED tests/test_sqli_scanner_adapter.py::TestSQLiScannerAdapter::test_time_blind_detection - assert 0 == 1
 +  where 0 = len([])
FAILED tests/test_sqli_scanner_adapter.py::TestSQLiScannerAdapter::test_no_vulnerabilities - AssertionError: assert <AdapterResultStatus.SUCCESS: 'success'> == 'SUCCESS'
 +  where <AdapterResultStatus.SUCCESS: 'success'> = AdapterResult(status=<AdapterResultStatus.SUCCESS: 'success'>, data={'target_url': 'http://example.com/page.php?id=1', 'vulnerabilities': [], 'scanned_params': ['id']}, metadata={}, error_message=None, execution_time=0.004068851470947266, evidence_path=None).status
========================= 3 failed, 4 passed in 1.00s =========================
